// Vitest Snapshot v1, https://vitest.dev/guide/snapshot.html

exports[`ErrorPage > matches snapshot 1`] = `
"<header class="flex h-16 bg-teal-900">
  <div class="flex items-center w-2/3 text-xl md:text-3xl whitespace-nowrap text-white p-2 hover:cursor-pointer"> Job Ad Plaform </div>
  <div class="flex justify-end w-1/3 p-2"><button class="p-2 w-20 lg:mx-2 rounded-md text-white text-xs md:text-xl border-teal-900 border-2 bg-teal-900 flex justify-center items-center whitespace-nowrap">Home</button>
    <!--v-if--><button class="p-2 w-20 lg:mx-2 rounded-md text-white text-xs md:text-xl border-teal-900 border-2 bg-teal-900 flex justify-center items-center whitespace-nowrap">Login</button>
  </div>
</header>
<main>
  <div class="w-full h-full flex flex-col justify-center items-center mt-10">
    <div class="text-3xl font-bold">Page not found.</div>
  </div>
</main>"
`;
