// Vitest Snapshot v1, https://vitest.dev/guide/snapshot.html

exports[`LoginPage > matches snapshot 1`] = `
"<header class="flex h-16 bg-teal-900">
  <div class="flex items-center w-2/3 text-xl md:text-3xl whitespace-nowrap text-white p-2 hover:cursor-pointer"> Job Ad Plaform </div>
  <div class="flex justify-end w-1/3 p-2"><button class="p-2 w-20 lg:mx-2 rounded-md text-white text-xs md:text-xl border-teal-900 border-2 bg-teal-900 flex justify-center items-center whitespace-nowrap">Home</button>
    <!--v-if--><button class="p-2 w-20 lg:mx-2 rounded-md text-white text-xs md:text-xl border-teal-900 border-2 bg-teal-900 flex justify-center items-center whitespace-nowrap">Login</button>
  </div>
</header>
<main>
  <section class="w-full flex justify-center items-center mt-10">
    <div class="max-w-[40rem] rounded-xl md:shadow-xl p-10 w-full">
      <div class="text-3xl font-bold">Login</div>
      <form class="flex flex-col">
        <div class="my-2"><input class="border-teal-900 border-2 rounded-lg p-2 w-full focus:outline-none" type="text" placeholder="Username" value=""></div>
        <!--v-if-->
        <div class="my-2"><input class="border-teal-900 border-2 rounded-lg p-2 w-full focus:outline-none" type="password" placeholder="Password" value=""></div>
        <!--v-if-->
        <div class="flex max-h-14 w-full"><button class="p-2 min-w-20 rounded-md text-white border-teal-900 border-2 bg-teal-900 hover:text-teal-900 hover:bg-white flex justify-center items-center whitespace-nowrap my-2 mr-10">Login</button><button class="p-2 min-w-20 text-teal-900 flex justify-center items-center whitespace-nowrap my-2 whitespace-nowrap w-auto">Register instead</button></div>
      </form>
    </div>
  </section>
</main>"
`;
