// Vitest Snapshot v1, https://vitest.dev/guide/snapshot.html

exports[`RadioButton > matches snapshot 1`] = `"<label class="flex items-center space-x-2"><input type="radio" id="option1" name="group1" value="value1"><span class="text-teal-900">Option 1</span></label>"`;
