// Vitest Snapshot v1, https://vitest.dev/guide/snapshot.html

exports[`BaseButton > matches snapshot 1`] = `"<button class="p-2 min-w-20 rounded-md text-white border-teal-900 border-2 bg-teal-900 hover:text-teal-900 hover:bg-white flex justify-center items-center whitespace-nowrap">Click me</button>"`;
