// Vitest Snapshot v1, https://vitest.dev/guide/snapshot.html

exports[`HeaderText > matches snapshot 1`] = `"<div class="text-3xl font-bold">Snapshot Header</div>"`;
